z1 x1 y1
z2 x2 y2
z3 x3 y3
z4 x4 y4
z5 x5 y5
z6 x6 y6
z7 x7 y7
z8 x8 y8
z9 x9 y9
z10 x10 y10
z11 x11 y11
z12 x12 y12
z13 x13 y13
z14 x14 y14
z15 x15 y15
z16 x16 y16
z17 x17 y17
z18 x18 y18
z19 x19 y19
